<file name="test/fixtures/usingImportant.css"><error line="2" column="1" severity="warning" message="Bad naming: .mybox" source="net.csslint.OOCSS"/><error line="3" column="3" severity="warning" message="Use of !important" source="net.csslint.Disallow!important"/></file>
